{
  "commands": [
    {
      "name": "command",
      "value": "\na   \n  \n\nb\n",
      "lines": [
        [1, 12, 0],
        [2, 3, 4],
        [3, 3, 2],
        [4, 2, 0],
        [5, 2, 1],
        [6, 2, 0]
      ],
      "line": 1,
      "column": 1,
      "endLine": 6,
      "subCommands": []
    },
    {
      "name": "command",
      "value": "\n    \n\n\n       ",
      "lines": [[8, 15, 0], [9, 3, 4], [10, 3, 0], [12, 2, 0], [14, 3, 7]],
      "line": 8,
      "column": 1,
      "endLine": 14,
      "subCommands": []
    }
  ],
  "errors": []
}