{
  "commands": [],
  "errors": [
    {
      "id": "missing-command-name-line",
      "line": 1,
      "column": 1,
      "command": {
        "name": null,
        "value": "\ncont",
        "lines": [[null, null, 0], [2, 3, 4]],
        "line": null,
        "column": null,
        "endLine": 2,
        "subCommands": []
      }
    },
    {"id": "indent-mixed-space-tab-line", "line": 3, "column": 1}
  ]
}