{
  "commands": [
    {
      "name": "command",
      "value": "value",
      "lines": [[1, 9, 5]],
      "line": 1,
      "column": 1,
      "endLine": 1,
      "subCommands": []
    }
  ],
  "errors": []
}