{
  "commands": [
    {
      "name": "command",
      "value": "",
      "lines": [[1, 8, 0]],
      "line": 1,
      "column": 1,
      "endLine": 1,
      "subCommands": []
    }
  ],
  "errors": []
}